// Jest Snapshot v1, https://jestjs.io/docs/snapshot-testing

exports[`BannerMessagesContext should apply a hook for retrieving messages data from a selector and apply new messages: dispatch 1`] = `
[
  [
    {
      "bannerMessages": [
        {
          "id": "new message",
          "title": "new message",
        },
        {
          "id": "lorem",
          "message": "duplicate id",
          "title": "lorem",
        },
        {
          "id": "message only",
          "message": "message only",
        },
      ],
      "type": "SET_BANNER_MESSAGES",
      "viewId": "dolorSit",
    },
  ],
]
`;

exports[`BannerMessagesContext should apply a hook for retrieving messages data from a selector and remove messages: dispatch 1`] = `
[
  [
    {
      "bannerMessages": [],
      "type": "SET_BANNER_MESSAGES",
      "viewId": "dolorSit",
    },
  ],
]
`;

exports[`BannerMessagesContext should apply a hook for retrieving messages data from a selector: banner messages 1`] = `
[
  {
    "id": "lorem",
    "title": "ipsum",
  },
]
`;

exports[`BannerMessagesContext should return specific properties: specific properties 1`] = `
{
  "useBannerMessages": [Function],
  "useRemoveBannerMessages": [Function],
  "useSetBannerMessages": [Function],
}
`;
