// Jest Snapshot v1, https://goo.gl/fbAQLP

exports[`Tooltip Component should allow custom properties: custom, content 1`] = `
<Tooltip
  className="curiosity-tooltip__nowrap"
  content={
    <span>
      tooltip content
    </span>
  }
  distance={5}
  enableFlip={false}
  entryDelay={100}
  exitDelay={0}
  position="top"
>
  <div>
    content
  </div>
</Tooltip>
`;

exports[`Tooltip Component should render a basic component: basic 1`] = `
<tooltip
  props="{
  "children": [
    {}
  ],
  "content": "...",
  "distance": 5,
  "enableFlip": false,
  "entryDelay": 100,
  "exitDelay": 0,
  "isNoWrap": false,
  "position": "top"
}"
>
  <span
    class="curiosity-tooltip-children"
  >
    hello world
  </span>
</tooltip>
`;
