// Jest Snapshot v1, https://goo.gl/fbAQLP

exports[`Tooltip Component should allow custom properties: custom, content 1`] = `
<Tooltip
  className="curiosity-tooltip__nowrap"
  content={
    <span>
      tooltip content
    </span>
  }
  distance={15}
  enableFlip={false}
  entryDelay={100}
  exitDelay={0}
  position="top"
>
  <div
    className="curiosity-tooltip-content"
  >
    <div>
      content
    </div>
  </div>
</Tooltip>
`;

exports[`Tooltip Component should render a basic component: basic 1`] = `
<tooltip
  props="{
  "children": [
    {}
  ]
}"
>
  <div
    style="display: contents;"
  >
    <div
      class="curiosity-tooltip-content"
    >
      <span
        class="curiosity-tooltip-children"
      >
        hello world
      </span>
    </div>
  </div>
</tooltip>
`;
