// Jest Snapshot v1, https://goo.gl/fbAQLP

exports[`Configuration should have a consistent route configuration: inconsistent entries 1`] = `
[
  {
    "Entry 13, /optin inconsistent": {
      "activateOnError": "PASS",
      "component": "PASS",
      "default": "PASS",
      "disabled": "PASS",
      "path": "PASS",
      "pathParameter": "FAIL",
      "productConfig": "FAIL",
      "productParameter": "FAIL",
      "redirect": "PASS",
    },
  },
  {
    "Entry 14, / inconsistent": {
      "activateOnError": "PASS",
      "component": "PASS",
      "default": "PASS",
      "disabled": "PASS",
      "path": "PASS",
      "pathParameter": "FAIL",
      "productConfig": "FAIL",
      "productParameter": "FAIL",
      "redirect": "PASS",
    },
  },
]
`;

exports[`Configuration should have consistent product configuration: inconsistent entries 1`] = `[]`;

exports[`Configuration should have consistent product configuration: products 1`] = `
[
  "configs",
  "sortedConfigs",
]
`;

exports[`Configuration should have specific config properties: config 1`] = `
[
  "products",
  "rbac",
  "routes",
]
`;
