// Jest Snapshot v1, https://jestjs.io/docs/snapshot-testing

exports[`InventoryCardSubscriptions Component should render a basic component: basic 1`] = `
<InventoryCard
  isDisabled={false}
  useGetInventory={[Function]}
  useInventoryCardActions={[Function]}
  useOnColumnSort={[Function]}
  useOnPage={[Function]}
  useParseFiltersSettings={[Function]}
/>
`;
