// Jest Snapshot v1, https://goo.gl/fbAQLP

exports[`Platform Transformers should attempt to parse a permissions response: permissions, default 1`] = `
{
  "authorized": {
    "inventory": false,
    "subscriptions": false,
  },
  "permissions": {},
}
`;

exports[`Platform Transformers should attempt to parse a permissions response: permissions, parsed 1`] = `
{
  "authorized": {
    "inventory": false,
    "subscriptions": true,
  },
  "permissions": {
    "broken": {
      "all": false,
      "resources": {},
    },
    "ipsum": {
      "all": false,
      "resources": {
        "*": {
          "read": [],
        },
      },
    },
    "lorem": {
      "all": false,
      "resources": {
        "*": {
          "read": [],
        },
      },
    },
    "subscriptions": {
      "all": true,
      "resources": {
        "*": {
          "*": [],
          "loremCustom": [],
          "read": [],
        },
      },
    },
  },
}
`;

exports[`Platform Transformers should attempt to parse a user response: user, default 1`] = `
{
  "isAdmin": false,
  "isEntitled": false,
}
`;

exports[`Platform Transformers should attempt to parse a user response: user, parsed 1`] = `
{
  "isAdmin": true,
  "isEntitled": true,
}
`;

exports[`Platform Transformers should have specific response transformers: specific transformers 1`] = `
{
  "permissions": [Function],
  "user": [Function],
}
`;
