// Jest Snapshot v1, https://goo.gl/fbAQLP

exports[`PageLayout Component should render a basic component: basic 1`] = `
<PageLayout>
  <Page
    breadcrumb={null}
    className="layout-pf curiosity"
    header={null}
    isManagedSidebar={false}
    mainContainerId={null}
    onPageResize={[Function]}
    sidebar={null}
    skipToContent={null}
  >
    <div
      className="pf-c-page layout-pf curiosity"
    >
      <main
        className="pf-c-page__main"
        id={null}
        role="main"
        tabIndex={-1}
      >
        <PageSection
          noPadding={true}
        >
          <section
            className="pf-c-page__main-section pf-m-no-padding"
          >
            <span
              className="test"
            >
              lorem
            </span>
          </section>
        </PageSection>
      </main>
    </div>
  </Page>
</PageLayout>
`;
