// Jest Snapshot v1, https://goo.gl/fbAQLP

exports[`RHSM Transformers should attempt to parse a tally response: tally 1`] = `
Object {
  "data": Array [],
  "meta": Object {
    "count": undefined,
    "metricId": undefined,
    "productId": undefined,
    "totalMonthlyDate": undefined,
    "totalMonthlyHasData": undefined,
    "totalMonthlyValue": undefined,
  },
}
`;

exports[`RHSM Transformers should attempt to parse an instances response: instances 1`] = `
Object {
  "data": Array [
    Object {
      "a": 0.0003456,
      "b": 2,
      "c": 1000,
      "numberOfGuests": undefined,
      "subscriptionManagerId": undefined,
    },
  ],
  "meta": Object {
    "count": undefined,
    "productId": undefined,
  },
}
`;

exports[`RHSM Transformers should have specific RHSM response transformers: specific transformers 1`] = `
Object {
  "instances": [Function],
  "tally": [Function],
}
`;
