// Jest Snapshot v1, https://goo.gl/fbAQLP

exports[`ViewSelectors should pass minimal data on missing a reducer response: missing reducer error 1`] = `
Object {
  "query": Object {},
}
`;

exports[`ViewSelectors should return specific selectors: selectors 1`] = `
Object {
  "makeView": [Function],
  "view": [Function],
}
`;
