// Jest Snapshot v1, https://goo.gl/fbAQLP

exports[`Router Component should handle unique route settings: settings 1`] = `
<Switch>
  <Route
    component={[Function]}
    exact={false}
    key="/lorem"
    path="/lorem"
  />
  <Route
    component={[Function]}
    exact={false}
    key="/ipsum"
    path="/ipsum"
  />
</Switch>
`;

exports[`Router Component should render a basic component: basic 1`] = `
<Switch>
  <Route
    exact={true}
    key="/rhel-sw/all"
    path="/rhel-sw/all"
    render={[Function]}
  />
  <Route
    exact={true}
    key="/rhel-sw/:variant"
    path="/rhel-sw/:variant"
    render={[Function]}
  />
  <Route
    exact={true}
    key="/openshift-sw"
    path="/openshift-sw"
    render={[Function]}
  />
  <Route
    exact={true}
    key="/soon"
    path="/soon"
    render={[Function]}
  />
  <Route
    exact={true}
    key="/optin"
    path="/optin"
    render={[Function]}
  />
  <Redirect
    to="/rhel-sw/all"
  />
</Switch>
`;
