// Jest Snapshot v1, https://goo.gl/fbAQLP

exports[`Router Component should handle unique route settings: settings 1`] = `
<Router
  routes={
    Array [
      Object {
        "component": [Function],
        "disabled": false,
        "exact": false,
        "redirect": "/loremIpsum",
        "render": false,
        "title": "Lorem",
        "to": "/lorem",
      },
      Object {
        "activateOnError": true,
        "component": [Function],
        "disabled": false,
        "exact": false,
        "render": false,
        "title": "Ipsum",
        "to": "/ipsum",
      },
    ]
  }
>
  <Switch>
    <Route
      component={[Function]}
      exact={false}
      key="/lorem"
      path="/lorem"
    />
    <Route
      component={[Function]}
      exact={false}
      key="/ipsum"
      path="/ipsum"
    />
    <Redirect
      to="/loremIpsum"
    />
  </Switch>
</Router>
`;

exports[`Router Component should pass customized props to routed components: routeDetail and location parsedSearch props 1`] = `
Object {
  "locationParsedSearch": Object {
    "dolor": "",
    "ipsum": "1 2",
  },
  "routeDetail": Object {
    "baseName": "/",
    "errorRoute": undefined,
    "routeItem": Object {
      "component": [Function],
      "disabled": false,
      "exact": false,
      "redirect": "/loremIpsum",
      "render": true,
      "title": "Lorem",
      "to": "/lorem",
    },
    "routes": Array [
      Object {
        "component": [Function],
        "disabled": false,
        "exact": false,
        "redirect": "/loremIpsum",
        "render": true,
        "title": "Lorem",
        "to": "/lorem",
      },
    ],
  },
}
`;

exports[`Router Component should render a basic component: basic 1`] = `
<Router
  routes={
    Array [
      Object {
        "component": Object {
          "$$typeof": Symbol(react.lazy),
          "_ctor": [Function],
          "_result": null,
          "_status": -1,
        },
        "disabled": false,
        "exact": true,
        "render": true,
        "to": "/:variant(rhel|rhel-arm|rhel-ibmpower|rhel-ibmz|rhel-x86)",
      },
      Object {
        "component": Object {
          "$$typeof": Symbol(react.lazy),
          "_ctor": [Function],
          "_result": null,
          "_status": -1,
        },
        "disabled": false,
        "exact": true,
        "render": true,
        "to": "/openshift-container",
      },
      Object {
        "component": Object {
          "$$typeof": Symbol(react.lazy),
          "_ctor": [Function],
          "_result": null,
          "_status": -1,
        },
        "disabled": false,
        "exact": true,
        "render": true,
        "to": "/openshift-dedicated",
      },
      Object {
        "component": Object {
          "$$typeof": Symbol(react.lazy),
          "_ctor": [Function],
          "_result": null,
          "_status": -1,
        },
        "disabled": false,
        "exact": true,
        "render": true,
        "to": "/:variant(satellite|satellite-capsule|satellite-server)",
      },
      Object {
        "activateOnError": true,
        "component": Object {
          "$$typeof": Symbol(react.lazy),
          "_ctor": [Function],
          "_result": null,
          "_status": -1,
        },
        "disabled": false,
        "exact": true,
        "render": true,
        "to": "/optin",
      },
    ]
  }
>
  <Switch>
    <Route
      exact={true}
      key="/:variant(rhel|rhel-arm|rhel-ibmpower|rhel-ibmz|rhel-x86)"
      path="/:variant(rhel|rhel-arm|rhel-ibmpower|rhel-ibmz|rhel-x86)"
      render={[Function]}
    />
    <Route
      exact={true}
      key="/openshift-container"
      path="/openshift-container"
      render={[Function]}
    />
    <Route
      exact={true}
      key="/openshift-dedicated"
      path="/openshift-dedicated"
      render={[Function]}
    />
    <Route
      exact={true}
      key="/:variant(satellite|satellite-capsule|satellite-server)"
      path="/:variant(satellite|satellite-capsule|satellite-server)"
      render={[Function]}
    />
    <Route
      exact={true}
      key="/optin"
      path="/optin"
      render={[Function]}
    />
  </Switch>
</Router>
`;
