// Jest Snapshot v1, https://goo.gl/fbAQLP

exports[`RouterTypes should return specific properties: baseName 1`] = `"/apps/subscription-reporting/"`;

exports[`RouterTypes should return specific properties: routes 1`] = `
Array [
  Object {
    "component": [Function],
    "exact": true,
    "id": "overview",
    "title": "Subscription Reporting",
    "to": "/",
  },
  Object {
    "component": [Function],
    "exact": true,
    "id": "rhel",
    "redirect": true,
    "title": "Red Hat Enterprise Linux",
    "to": "/rhel",
  },
]
`;
