// Jest Snapshot v1, https://goo.gl/fbAQLP

exports[`Pagination Component should handle per-page limit, and page offset updates through props: page, offset 1`] = `
{
  "pageOffset": 0,
  "pagePage": 2,
  "pagePerPage": 20,
}
`;

exports[`Pagination Component should handle per-page limit, and page offset updates through props: per-page, limit 1`] = `
{
  "perPageOffset": 0,
  "perPagePage": 1,
  "perPagePerPage": 20,
}
`;

exports[`Pagination Component should render a basic component: basic 1`] = `
<Pagination
  className=""
  defaultToFullPage={false}
  dropDirection="down"
  firstPage={1}
  isCompact={false}
  isDisabled={true}
  isSticky={false}
  itemCount={0}
  itemsEnd={null}
  itemsStart={null}
  offset={0}
  onFirstClick={[Function]}
  onLastClick={[Function]}
  onNextClick={[Function]}
  onPageInput={[Function]}
  onPerPageSelect={[Function]}
  onPreviousClick={[Function]}
  onSetPage={[Function]}
  ouiaSafe={true}
  page={1}
  perPage={20}
  perPageComponent="div"
  perPageOptions={
    [
      {
        "title": "10",
        "value": 10,
      },
      {
        "title": "20",
        "value": 20,
      },
      {
        "title": "50",
        "value": 50,
      },
      {
        "title": "100",
        "value": 100,
      },
    ]
  }
  titles={
    {
      "currPage": "Current page",
      "items": "",
      "itemsPerPage": "Items per page",
      "ofWord": "of",
      "optionsToggle": "",
      "page": "",
      "pages": "",
      "paginationTitle": "Pagination",
      "perPageSuffix": "per page",
      "toFirstPage": "Go to first page",
      "toLastPage": "Go to last page",
      "toNextPage": "Go to next page",
      "toPreviousPage": "Go to previous page",
    }
  }
  variant={null}
  widgetId="options-menu"
/>
`;
