// Jest Snapshot v1, https://goo.gl/fbAQLP

exports[`I18nHelpers should attempt to perform a component translate: translated component 1`] = `"<div>t(lorem.ipsum, hello world)</div>"`;

exports[`I18nHelpers should attempt to perform a string replace: translate 1`] = `
{
  "emptyContext": "t(lorem.ipsum, {"context":" "})",
  "emptyPartialContext": "t(lorem.ipsum_hello, {"context":" "})",
  "localeKey": "t(lorem.ipsum)",
  "multiContext": "t(lorem.ipsum_hello, {"context":"world"})",
  "multiContextNested": "t(lorem.ipsum_hello_world_lorem_ipsum_dolor, {"context":"sit"})",
  "multiContextWithEmptyValue": "t(lorem.ipsum_hello, {"context":"world"})",
  "multiKey": "t([lorem.ipsum,lorem.fallback])",
  "placeholder": "t(lorem.ipsum, hello world)",
  "stringContext": "t(lorem.ipsum, {"context":"hello"})",
  "stringContextNested": "t(lorem.ipsum_hello_world_lorem_ipsum_dolor, {"context":"sit"})",
}
`;

exports[`I18nHelpers should attempt to perform translate with a node: translated node 1`] = `"<div>t(lorem.ipsum, {&quot;hello&quot;:&quot;world&quot;}, [object Object])</div>"`;

exports[`I18nHelpers should have specific functions: i18nHelpers 1`] = `
{
  "EMPTY_CONTEXT": "LOCALE_EMPTY_CONTEXT",
  "noopTranslate": [Function],
  "parseContext": [Function],
  "parseTranslateKey": [Function],
  "splitContext": [Function],
  "translate": [Function],
  "translateComponent": [Function],
}
`;
