// Jest Snapshot v1, https://goo.gl/fbAQLP

exports[`I18n Component should attempt to perform a string replace: translate 1`] = `
Object {
  "localeKey": "t('lorem.ipsum')",
  "placeholder": "hello world",
}
`;

exports[`I18n Component should generate a predictable pot output snapshot: pot output 1`] = `
"msgid \\"\\"
msgstr \\"\\"
\\"Content-Type: text/plain; charset=UTF-8\\\\n\\"

#: src/components/rhelGraphCard/rhelGraphCard.js:107
msgid \\"curiosity-graph.rhelLegendHypervisorLabel\\"
msgstr \\"\\"

#: src/components/rhelGraphCard/rhelGraphCard.js:95
msgid \\"curiosity-graph.rhelLegendSocketsLabel\\"
msgstr \\"\\"

#: src/components/rhelGraphCard/rhelGraphCard.js:118
msgid \\"curiosity-graph.rhelLegendThresholdLabel\\"
msgstr \\"\\"

#: src/components/rhelGraphCard/rhelGraphCardHelpers.js:74
msgid \\"curiosity-graph.rhelTooltipDate\\"
msgstr \\"\\"

#: src/components/rhelGraphCard/rhelGraphCardHelpers.js:68
msgid \\"curiosity-graph.rhelTooltipHypervisor\\"
msgstr \\"\\"

#: src/components/rhelGraphCard/rhelGraphCardHelpers.js:69
msgid \\"curiosity-graph.rhelTooltipSockets\\"
msgstr \\"\\"

#: src/components/rhelGraphCard/rhelGraphCardHelpers.js:70
msgid \\"curiosity-graph.rhelTooltipThreshold\\"
msgstr \\"\\"

#: src/components/rhelGraphCard/rhelGraphCardHelpers.js:82
msgid \\"curiosity-graph.tooltipNoData\\"
msgstr \\"\\"

#: src/components/rhelGraphCard/rhelGraphCard.js:134
msgctxt \\"CPU socket usage\\"
msgid \\"curiosity-graph.heading\\"
msgstr \\"\\"

#: src/components/rhelGraphCard/rhelGraphCardTypes.js:5
msgctxt \\"Daily\\"
msgid \\"curiosity-graph.dropdownDaily\\"
msgstr \\"\\"

#: src/components/rhelGraphCard/rhelGraphCardTypes.js:7
msgctxt \\"Monthly\\"
msgid \\"curiosity-graph.dropdownMonthly\\"
msgstr \\"\\"

#: src/components/rhelGraphCard/rhelGraphCardTypes.js:8
msgctxt \\"Quarterly\\"
msgid \\"curiosity-graph.dropdownQuarterly\\"
msgstr \\"\\"

#: src/components/rhelGraphCard/rhelGraphCard.js:137
#: src/components/rhelGraphCard/rhelGraphCard.js:141
msgctxt \\"Select date range\\"
msgid \\"curiosity-graph.dropdownPlaceholder\\"
msgstr \\"\\"

#: src/components/rhelGraphCard/rhelGraphCardTypes.js:6
msgctxt \\"Weekly\\"
msgid \\"curiosity-graph.dropdownWeekly\\"
msgstr \\"\\"
"
`;

exports[`I18n Component should have locale keys that exist in the default language JSON: missing locale keys 1`] = `Array []`;

exports[`I18n Component should pass children: children 1`] = `"lorem ipsum"`;

exports[`I18n Component should render a basic component: basic 1`] = `
<I18n
  fallbackLng="en-US"
  loadPath="./locales/{{lng}}.json"
  locale="es"
>
  lorem ipsum
</I18n>
`;
