// Jest Snapshot v1, https://goo.gl/fbAQLP

exports[`I18n Component should attempt to perform a component translate: translated component 1`] = `"<div>t(lorem.ipsum, hello world)</div>"`;

exports[`I18n Component should attempt to perform a string replace: translate 1`] = `
Object {
  "localeKey": "t(lorem.ipsum)",
  "multiContext": "t(lorem.ipsum, {\\"context\\":\\"hello_world\\"})",
  "placeholder": "t(lorem.ipsum, hello world)",
}
`;

exports[`I18n Component should attempt to perform translate with a node: translated node 1`] = `"<div>t(lorem.ipsum, {&quot;hello&quot;:&quot;world&quot;}, [object Object])</div>"`;

exports[`I18n Component should generate a predictable locale key output snapshot: key output 1`] = `
Array [
  Object {
    "file": "./src/common/dateHelpers.js",
    "keys": Array [
      Object {
        "key": "curiosity-toolbar.granularityRange",
        "match": "translate('curiosity-toolbar.granularityRange', { context: dateTime.title })",
      },
      Object {
        "key": "curiosity-toolbar.granularityRange",
        "match": "translate('curiosity-toolbar.granularityRange', { context: 'current' })",
      },
    ],
  },
  Object {
    "file": "./src/components/authentication/authentication.js",
    "keys": Array [
      Object {
        "key": "curiosity-auth.maintenanceCopy",
        "match": "t('curiosity-auth.maintenanceCopy', '...')",
      },
      Object {
        "key": "curiosity-auth.pending",
        "match": "t('curiosity-auth.pending', '...')",
      },
    ],
  },
  Object {
    "file": "./src/components/bannerMessages/bannerMessages.js",
    "keys": Array [
      Object {
        "key": "curiosity-banner.dataMismatchTitle",
        "match": "translate('curiosity-banner.dataMismatchTitle')",
      },
      Object {
        "key": "curiosity-banner.dataMismatchMessage",
        "match": "translate( 'curiosity-banner.dataMismatchMessage', { context: helpers.UI_LINK_REPORT_ACCURACY_RECOMMENDATIONS !== '' && 'cloudigradeMismatch', appName: helpers.UI_DISPLAY_NAME }, [ <Button isInline component=\\"a\\" variant=\\"link\\" icon={<ExternalLinkAltIcon />} iconPosition=\\"right\\" target=\\"_blank\\" href={helpers.UI_LINK_REPORT_ACCURACY_RECOMMENDATIONS} /> ] )",
      },
    ],
  },
  Object {
    "file": "./src/components/graphCard/graphCardChartLegend.js",
    "keys": Array [
      Object {
        "key": "",
        "match": "t([\`curiosity-graph.\${id}Label\`, \`curiosity-graph.thresholdLabel\`], { product: productLabel, context: productLabel })",
      },
      Object {
        "key": "",
        "match": "t([\`curiosity-graph.\${id}Label\`, \`curiosity-graph.noLabel\`], { product: productLabel, context: productLabel })",
      },
      Object {
        "key": "",
        "match": "t([\`curiosity-graph.\${id}LegendTooltip\`, \`curiosity-graph.thresholdLegendTooltip\`], { product: productLabel, context: productLabel })",
      },
      Object {
        "key": "",
        "match": "t(\`curiosity-graph.\${id}LegendTooltip\`, { product: productLabel, context: productLabel })",
      },
    ],
  },
  Object {
    "file": "./src/components/graphCard/graphCardChartTooltip.js",
    "keys": Array [
      Object {
        "key": "curiosity-graph.noDataLabel",
        "match": "t('curiosity-graph.noDataLabel')",
      },
      Object {
        "key": "curiosity-graph.infiniteThresholdLabel",
        "match": "t('curiosity-graph.infiniteThresholdLabel')",
      },
      Object {
        "key": "curiosity-graph.infiniteThresholdLabel",
        "match": "t('curiosity-graph.infiniteThresholdLabel')",
      },
      Object {
        "key": "curiosity-graph.thresholdLabel",
        "match": "t(\`curiosity-graph.thresholdLabel\`)",
      },
      Object {
        "key": "curiosity-graph.noDataLabel",
        "match": "t('curiosity-graph.noDataLabel')",
      },
      Object {
        "key": "",
        "match": "t(\`curiosity-graph.\${key}Label\`, { product: productLabel })",
      },
      Object {
        "key": "curiosity-graph.tooltipSummary",
        "match": "t('curiosity-graph.tooltipSummary')",
      },
      Object {
        "key": "curiosity-graph.noDataErrorLabel",
        "match": "t('curiosity-graph.noDataErrorLabel')",
      },
    ],
  },
  Object {
    "file": "./src/components/inventoryList/inventoryList.js",
    "keys": Array [
      Object {
        "key": "curiosity-inventory.tab",
        "match": "t('curiosity-inventory.tab', { context: 'disabled' })",
      },
    ],
  },
  Object {
    "file": "./src/components/inventoryList/inventoryListHelpers.js",
    "keys": Array [
      Object {
        "key": "curiosity-inventory.header",
        "match": "translate('curiosity-inventory.header', { context: key })",
      },
      Object {
        "key": "curiosity-inventory.header",
        "match": "translate('curiosity-inventory.header', { context: id })",
      },
    ],
  },
  Object {
    "file": "./src/components/inventorySubscriptions/inventorySubscriptions.js",
    "keys": Array [
      Object {
        "key": "curiosity-inventory.tab",
        "match": "t('curiosity-inventory.tab', { context: 'disabled' })",
      },
    ],
  },
  Object {
    "file": "./src/components/inventoryTabs/inventoryTabs.js",
    "keys": Array [
      Object {
        "key": "curiosity-inventory.tabSubHeading",
        "match": "t('curiosity-inventory.tabSubHeading', { count: index })",
      },
      Object {
        "key": "curiosity-inventory.tabHeading",
        "match": "t('curiosity-inventory.tabHeading', { count: updatedChildren.length })",
      },
    ],
  },
  Object {
    "file": "./src/components/optinView/optinView.js",
    "keys": Array [
      Object {
        "key": "curiosity-optin.buttonActivate",
        "match": "t('curiosity-optin.buttonActivate', { appName: helpers.UI_DISPLAY_NAME })",
      },
      Object {
        "key": "curiosity-optin.cardIsErrorDescription",
        "match": "t('curiosity-optin.cardIsErrorDescription', { appName: helpers.UI_DISPLAY_NAME }, [ <Button isInline component=\\"a\\" variant=\\"link\\" target=\\"_blank\\" href={helpers.UI_LINK_CONTACT_US} /> ])",
      },
      Object {
        "key": "curiosity-optin.buttonIsActive",
        "match": "t('curiosity-optin.buttonIsActive', { appName: helpers.UI_DISPLAY_NAME })",
      },
      Object {
        "key": "curiosity-optin.cardIsActiveDescription",
        "match": "t('curiosity-optin.cardIsActiveDescription')",
      },
      Object {
        "key": "curiosity-optin.buttonActivate",
        "match": "t('curiosity-optin.buttonActivate', { appName: helpers.UI_DISPLAY_NAME })",
      },
      Object {
        "key": "curiosity-optin.tourTitleImageAlt",
        "match": "t('curiosity-optin.tourTitleImageAlt')",
      },
      Object {
        "key": "curiosity-optin.tourTitle",
        "match": "t('curiosity-optin.tourTitle')",
      },
      Object {
        "key": "curiosity-optin.tourDescription",
        "match": "t('curiosity-optin.tourDescription')",
      },
      Object {
        "key": "curiosity-optin.buttonTour",
        "match": "t('curiosity-optin.buttonTour')",
      },
      Object {
        "key": "curiosity-optin.cardTitle",
        "match": "t('curiosity-optin.cardTitle', { appName: helpers.UI_DISPLAY_NAME })",
      },
      Object {
        "key": "curiosity-optin.cardDescription",
        "match": "t('curiosity-optin.cardDescription', { appName: helpers.UI_DISPLAY_NAME })",
      },
      Object {
        "key": "curiosity-optin.cardSeeTitle",
        "match": "t('curiosity-optin.cardSeeTitle')",
      },
      Object {
        "key": "curiosity-optin.cardSeeDescription",
        "match": "t('curiosity-optin.cardSeeDescription')",
      },
      Object {
        "key": "curiosity-optin.cardReportTitle",
        "match": "t('curiosity-optin.cardReportTitle')",
      },
      Object {
        "key": "curiosity-optin.cardReportDescription",
        "match": "t('curiosity-optin.cardReportDescription')",
      },
      Object {
        "key": "curiosity-optin.cardFilterTitle",
        "match": "t('curiosity-optin.cardFilterTitle')",
      },
      Object {
        "key": "curiosity-optin.cardFilterDescription",
        "match": "t('curiosity-optin.cardFilterDescription')",
      },
    ],
  },
  Object {
    "file": "./src/components/pageLayout/pageHeader.js",
    "keys": Array [
      Object {
        "key": "curiosity-optin.buttonTour",
        "match": "t('curiosity-optin.buttonTour')",
      },
      Object {
        "key": "curiosity-view.subtitle",
        "match": "t(\`curiosity-view.subtitle\`, { appName: helpers.UI_DISPLAY_NAME, context: productLabel }, [ <Button isInline component=\\"a\\" variant=\\"link\\" icon={<ExternalLinkAltIcon />} iconPosition=\\"right\\" target=\\"_blank\\" href={helpers.UI_LINK_LEARN_MORE} /> ])",
      },
    ],
  },
  Object {
    "file": "./src/components/productView/productView.js",
    "keys": Array [
      Object {
        "key": "curiosity-graph.cardHeadingDescription",
        "match": "t('curiosity-graph.cardHeadingDescription', { context: productId })",
      },
      Object {
        "key": "curiosity-graph.cardHeading",
        "match": "t('curiosity-graph.cardHeading', { context: productId })",
      },
      Object {
        "key": "curiosity-view.title",
        "match": "t(\`curiosity-view.title\`, { appName: helpers.UI_DISPLAY_NAME, context: productLabel })",
      },
      Object {
        "key": "curiosity-inventory.tabHosts",
        "match": "t('curiosity-inventory.tabHosts', { context: ['noInstances', productId] })",
      },
      Object {
        "key": "curiosity-inventory.tabSubscriptions",
        "match": "t('curiosity-inventory.tabSubscriptions', { context: productId })",
      },
    ],
  },
  Object {
    "file": "./src/components/productView/productViewMissing.js",
    "keys": Array [
      Object {
        "key": "curiosity-view.title",
        "match": "t(\`curiosity-view.title\`, { appName: helpers.UI_DISPLAY_NAME })",
      },
      Object {
        "key": "curiosity-view.title",
        "match": "t('curiosity-view.title', { appName: helpers.UI_DISPLAY_NAME, context: (Array.isArray(product.pathParameter)",
      },
      Object {
        "key": "curiosity-view.description",
        "match": "t('curiosity-view.description', { appName: helpers.UI_DISPLAY_NAME, context: (Array.isArray(product.productParameter)",
      },
    ],
  },
  Object {
    "file": "./src/components/productView/productViewOpenShiftContainer.js",
    "keys": Array [
      Object {
        "key": "curiosity-graph.cardHeading",
        "match": "t('curiosity-graph.cardHeading', { context: productId })",
      },
      Object {
        "key": "curiosity-graph.cardHeadingDescription",
        "match": "t('curiosity-graph.cardHeadingDescription', { context: productId })",
      },
      Object {
        "key": "curiosity-inventory.tabHosts",
        "match": "t('curiosity-inventory.tabHosts', { context: ['noInstances', productId] })",
      },
      Object {
        "key": "curiosity-inventory.tabSubscriptions",
        "match": "t('curiosity-inventory.tabSubscriptions', { context: productId })",
      },
      Object {
        "key": "curiosity-view.title",
        "match": "t(\`curiosity-view.title\`, { appName: helpers.UI_DISPLAY_NAME, context: viewProductLabel })",
      },
    ],
  },
  Object {
    "file": "./src/components/table/table.js",
    "keys": Array [
      Object {
        "key": "curiosity-inventory.tableEmptyInventoryTitle",
        "match": "t('curiosity-inventory.tableEmptyInventoryTitle')",
      },
      Object {
        "key": "curiosity-inventory.tableEmptyInventoryMessage",
        "match": "t('curiosity-inventory.tableEmptyInventoryMessage')",
      },
      Object {
        "key": "curiosity-inventory.tableAriaLabel",
        "match": "t('curiosity-inventory.tableAriaLabel', { appName: helpers.UI_DISPLAY_NAME })",
      },
      Object {
        "key": "curiosity-inventory.tableSummary",
        "match": "t('curiosity-inventory.tableSummary')",
      },
    ],
  },
  Object {
    "file": "./src/components/table/tableSkeleton.js",
    "keys": Array [
      Object {
        "key": "curiosity-inventory.tableSkeletonAriaLabel",
        "match": "t('curiosity-inventory.tableSkeletonAriaLabel')",
      },
    ],
  },
  Object {
    "file": "./src/components/toolbar/toolbar.js",
    "keys": Array [
      Object {
        "key": "curiosity-toolbar.category",
        "match": "t('curiosity-toolbar.category', { context: field })",
      },
      Object {
        "key": "curiosity-toolbar.category",
        "match": "t('curiosity-toolbar.category', { context: field })",
      },
      Object {
        "key": "curiosity-toolbar.placeholder",
        "match": "t('curiosity-toolbar.placeholder', { context: field })",
      },
      Object {
        "key": "curiosity-toolbar.clearFilters",
        "match": "t('curiosity-toolbar.clearFilters')",
      },
      Object {
        "key": "curiosity-toolbar.category",
        "match": "t('curiosity-toolbar.category')",
      },
      Object {
        "key": "curiosity-toolbar.placeholder",
        "match": "t('curiosity-toolbar.placeholder')",
      },
    ],
  },
  Object {
    "file": "./src/components/toolbar/toolbarFieldDisplayName.js",
    "keys": Array [
      Object {
        "key": "curiosity-toolbar.placeholder",
        "match": "t('curiosity-toolbar.placeholder', { context: 'displayName' })",
      },
      Object {
        "key": "curiosity-toolbar.placeholder",
        "match": "t('curiosity-toolbar.placeholder', { context: 'displayName' })",
      },
    ],
  },
  Object {
    "file": "./src/components/toolbar/toolbarFieldGranularity.js",
    "keys": Array [
      Object {
        "key": "curiosity-toolbar.granularity",
        "match": "translate('curiosity-toolbar.granularity', { context: type })",
      },
      Object {
        "key": "curiosity-toolbar.placeholder",
        "match": "t('curiosity-toolbar.placeholder', { context: 'granularity' })",
      },
      Object {
        "key": "curiosity-toolbar.placeholder",
        "match": "t('curiosity-toolbar.placeholder', { context: 'granularity' })",
      },
    ],
  },
  Object {
    "file": "./src/components/toolbar/toolbarFieldRangedMonthly.js",
    "keys": Array [
      Object {
        "key": "curiosity-toolbar.placeholder",
        "match": "t('curiosity-toolbar.placeholder', { context: 'granularity' })",
      },
      Object {
        "key": "curiosity-toolbar.placeholder",
        "match": "t('curiosity-toolbar.placeholder', { context: 'granularity' })",
      },
      Object {
        "key": "curiosity-toolbar.granularityRange",
        "match": "translate('curiosity-toolbar.granularityRange', { context: 'current' })",
      },
    ],
  },
  Object {
    "file": "./src/components/toolbar/toolbarFieldUom.js",
    "keys": Array [
      Object {
        "key": "curiosity-toolbar.uom",
        "match": "translate('curiosity-toolbar.uom', { context: type })",
      },
      Object {
        "key": "curiosity-toolbar.placeholder",
        "match": "t('curiosity-toolbar.placeholder', { context: 'uom' })",
      },
      Object {
        "key": "curiosity-toolbar.placeholder",
        "match": "t('curiosity-toolbar.placeholder', { context: 'uom' })",
      },
    ],
  },
  Object {
    "file": "./src/components/toolbar/toolbarHelpers.js",
    "keys": Array [
      Object {
        "key": "curiosity-toolbar.slaPremium",
        "match": "translate('curiosity-toolbar.slaPremium')",
      },
      Object {
        "key": "curiosity-toolbar.slaStandard",
        "match": "translate('curiosity-toolbar.slaStandard')",
      },
      Object {
        "key": "curiosity-toolbar.slaSelfSupport",
        "match": "translate('curiosity-toolbar.slaSelfSupport')",
      },
      Object {
        "key": "curiosity-toolbar.slaNone",
        "match": "translate('curiosity-toolbar.slaNone')",
      },
      Object {
        "key": "curiosity-toolbar.usageDevelopment",
        "match": "translate('curiosity-toolbar.usageDevelopment')",
      },
      Object {
        "key": "curiosity-toolbar.usageDisaster",
        "match": "translate('curiosity-toolbar.usageDisaster')",
      },
      Object {
        "key": "curiosity-toolbar.usageProduction",
        "match": "translate('curiosity-toolbar.usageProduction')",
      },
      Object {
        "key": "curiosity-toolbar.usageUnspecified",
        "match": "translate('curiosity-toolbar.usageUnspecified')",
      },
      Object {
        "key": "curiosity-toolbar.category",
        "match": "translate('curiosity-toolbar.category', { context: RHSM_API_QUERY_TYPES.SLA })",
      },
      Object {
        "key": "curiosity-toolbar.category",
        "match": "translate('curiosity-toolbar.category', { context: RHSM_API_QUERY_TYPES.USAGE })",
      },
    ],
  },
  Object {
    "file": "./src/config/product.openshiftContainer.js",
    "keys": Array [
      Object {
        "key": "curiosity-inventory.header",
        "match": "translate('curiosity-inventory.header', { context: 'guestsDisplayName' })",
      },
      Object {
        "key": "curiosity-inventory.label",
        "match": "translate('curiosity-inventory.label', { context: 'numberOfGuests', count: numberOfGuests.value }, [ <PfLabel color=\\"blue\\" /> ])",
      },
      Object {
        "key": "curiosity-inventory.header",
        "match": "translate('curiosity-inventory.header', { context: 'sockets_OpenShift Container Platform' })",
      },
      Object {
        "key": "curiosity-inventory.header",
        "match": "translate('curiosity-inventory.header', { context: 'cores_OpenShift Container Platform' })",
      },
    ],
  },
  Object {
    "file": "./src/config/product.openshiftDedicated.js",
    "keys": Array [
      Object {
        "key": "curiosity-graph.card-action-total",
        "match": "translate('curiosity-graph.card-action-total', { context: 'coreHours', total: numbro(totalCoreHours)",
      },
      Object {
        "key": "curiosity-inventory.label",
        "match": "translate('curiosity-inventory.label', { context: 'numberOfGuests', count: numberOfGuests.value }, [ <PfLabel color=\\"blue\\" /> ])",
      },
      Object {
        "key": "curiosity-inventory.header",
        "match": "translate('curiosity-inventory.header', { context: 'lastSeen_OpenShift-dedicated-metrics' })",
      },
    ],
  },
  Object {
    "file": "./src/config/product.openshiftMetrics.js",
    "keys": Array [
      Object {
        "key": "curiosity-graph.card-action-total",
        "match": "translate('curiosity-graph.card-action-total', { context: 'coreHours', total: numbro(totalCoreHours)",
      },
      Object {
        "key": "curiosity-inventory.label",
        "match": "translate('curiosity-inventory.label', { context: 'numberOfGuests', count: numberOfGuests.value }, [ <PfLabel color=\\"blue\\" /> ])",
      },
    ],
  },
  Object {
    "file": "./src/config/product.rhel.js",
    "keys": Array [
      Object {
        "key": "curiosity-inventory.header",
        "match": "translate('curiosity-inventory.header', { context: 'guestsDisplayName' })",
      },
      Object {
        "key": "curiosity-inventory.label",
        "match": "translate('curiosity-inventory.label', { context: 'numberOfGuests', count: numberOfGuests.value }, [ <PfLabel color=\\"blue\\" /> ])",
      },
      Object {
        "key": "curiosity-inventory.measurementType",
        "match": "translate('curiosity-inventory.measurementType', { context: measurementType.value })",
      },
      Object {
        "key": "curiosity-inventory.cloudProvider",
        "match": "translate('curiosity-inventory.cloudProvider', { context: cloudProvider.value })",
      },
    ],
  },
  Object {
    "file": "./src/config/product.satellite.js",
    "keys": Array [
      Object {
        "key": "curiosity-inventory.header",
        "match": "translate('curiosity-inventory.header', { context: 'guestsDisplayName' })",
      },
      Object {
        "key": "curiosity-inventory.label",
        "match": "translate('curiosity-inventory.label', { context: 'numberOfGuests', count: numberOfGuests.value }, [ <PfLabel color=\\"blue\\" /> ])",
      },
      Object {
        "key": "curiosity-inventory.measurementType",
        "match": "translate('curiosity-inventory.measurementType', { context: measurementType.value })",
      },
      Object {
        "key": "curiosity-inventory.cloudProvider",
        "match": "translate('curiosity-inventory.cloudProvider', { context: cloudProvider.value })",
      },
    ],
  },
  Object {
    "file": "./src/redux/actions/userActions.js",
    "keys": Array [
      Object {
        "key": "curiosity-optin.notificationsErrorTitle",
        "match": "translate('curiosity-optin.notificationsErrorTitle', { appName: helpers.UI_DISPLAY_NAME })",
      },
      Object {
        "key": "curiosity-optin.notificationsErrorDescription",
        "match": "translate('curiosity-optin.notificationsErrorDescription')",
      },
      Object {
        "key": "curiosity-optin.notificationsSuccessTitle",
        "match": "translate('curiosity-optin.notificationsSuccessTitle', { appName: helpers.UI_DISPLAY_NAME })",
      },
      Object {
        "key": "curiosity-optin.notificationsSuccessDescription",
        "match": "translate('curiosity-optin.notificationsSuccessDescription')",
      },
    ],
  },
]
`;

exports[`I18n Component should have locale keys that exist in the default language JSON: missing locale keys 1`] = `
Array [
  Object {
    "file": "./src/components/inventoryList/inventoryList.js",
    "key": "curiosity-inventory.tab",
  },
  Object {
    "file": "./src/components/inventorySubscriptions/inventorySubscriptions.js",
    "key": "curiosity-inventory.tab",
  },
  Object {
    "file": "./src/components/toolbar/toolbarFieldGranularity.js",
    "key": "curiosity-toolbar.granularity",
  },
  Object {
    "file": "./src/components/toolbar/toolbarFieldUom.js",
    "key": "curiosity-toolbar.uom",
  },
  Object {
    "file": "./src/config/product.openshiftContainer.js",
    "key": "curiosity-inventory.label",
  },
  Object {
    "file": "./src/config/product.openshiftDedicated.js",
    "key": "curiosity-inventory.label",
  },
  Object {
    "file": "./src/config/product.openshiftMetrics.js",
    "key": "curiosity-inventory.label",
  },
  Object {
    "file": "./src/config/product.rhel.js",
    "key": "curiosity-inventory.label",
  },
  Object {
    "file": "./src/config/product.satellite.js",
    "key": "curiosity-inventory.label",
  },
]
`;

exports[`I18n Component should pass children: children 1`] = `"lorem ipsum"`;

exports[`I18n Component should render a basic component: basic 1`] = `
<I18n
  fallbackLng="en-US"
  loadPath="./locales/{{lng}}.json"
  locale="es"
>
  lorem ipsum
</I18n>
`;
