// Jest Snapshot v1, https://goo.gl/fbAQLP

exports[`I18n Component should attempt to perform a string replace: translate 1`] = `
Object {
  "localeKey": "t('lorem.ipsum')",
  "placeholder": "hello world",
}
`;

exports[`I18n Component should generate a predictable pot output snapshot: pot output 1`] = `
"msgid \\"\\"
msgstr \\"\\"
\\"Content-Type: text/plain; charset=UTF-8\\\\n\\"

#: src/components/rhelGraphCard/rhelGraphCard.js:81
msgid \\"curiosity-graph.legendSocketsLabel\\"
msgstr \\"\\"

#: src/components/rhelGraphCard/rhelGraphCard.js:88
msgid \\"curiosity-graph.legendSocketsThresholdLabel\\"
msgstr \\"\\"

#: src/common/graphHelpers.js:68
msgid \\"curiosity-graph.tooltipPreviousLabelDaily\\"
msgstr \\"\\"

#: src/common/graphHelpers.js:61
msgid \\"curiosity-graph.tooltipPreviousLabelMonthly\\"
msgstr \\"\\"

#: src/common/graphHelpers.js:64
msgid \\"curiosity-graph.tooltipPreviousLabelQuarterly\\"
msgstr \\"\\"

#: src/common/graphHelpers.js:58
msgid \\"curiosity-graph.tooltipPreviousLabelWeekly\\"
msgstr \\"\\"

#: src/components/rhelGraphCard/rhelGraphCard.js:61
msgid \\"curiosity-graph.tooltipSockets\\"
msgstr \\"\\"

#: src/components/rhelGraphCard/rhelGraphCard.js:62
msgid \\"curiosity-graph.tooltipSocketsNoData\\"
msgstr \\"\\"

#: src/components/rhelGraphCard/rhelGraphCard.js:63
msgid \\"curiosity-graph.tooltipSocketsThreshold\\"
msgstr \\"\\"

#: src/components/rhelGraphCard/rhelGraphCard.js:103
msgctxt \\"CPU socket usage\\"
msgid \\"curiosity-graph.heading\\"
msgstr \\"\\"

#: src/components/rhelGraphCard/rhelGraphCardTypes.js:7
msgctxt \\"Daily\\"
msgid \\"curiosity-graph.dropdownDaily\\"
msgstr \\"\\"

#: src/components/rhelGraphCard/rhelGraphCardTypes.js:9
msgctxt \\"Monthly\\"
msgid \\"curiosity-graph.dropdownMonthly\\"
msgstr \\"\\"

#: src/components/rhelGraphCard/rhelGraphCardTypes.js:10
msgctxt \\"Quarterly\\"
msgid \\"curiosity-graph.dropdownQuarterly\\"
msgstr \\"\\"

#: src/components/rhelGraphCard/rhelGraphCard.js:106
#: src/components/rhelGraphCard/rhelGraphCard.js:110
msgctxt \\"Select date range\\"
msgid \\"curiosity-graph.dropdownPlaceholder\\"
msgstr \\"\\"

#: src/components/rhelGraphCard/rhelGraphCardTypes.js:8
msgctxt \\"Weekly\\"
msgid \\"curiosity-graph.dropdownWeekly\\"
msgstr \\"\\"
"
`;

exports[`I18n Component should have locale keys that exist in the default language JSON: missing locale keys 1`] = `Array []`;

exports[`I18n Component should pass children: children 1`] = `"lorem ipsum"`;

exports[`I18n Component should render a basic component: basic 1`] = `
<I18n
  fallbackLng="en-US"
  loadPath="./locales/{{lng}}.json"
  locale="es"
>
  lorem ipsum
</I18n>
`;
