// Jest Snapshot v1, https://goo.gl/fbAQLP

exports[`General code checks should only have specific console.[warn|log|info|error] methods: console methods 1`] = `
Array [
  "redux/common/reduxHelpers.js:250:    console.error(\`Error: Property \${prop} does not exist within the passed state.\`, state);",
  "redux/common/reduxHelpers.js:254:    console.warn(\`Warning: Property \${prop} does not exist within the passed initialState.\`, initialState);",
  "setupTests.js:66:  console.error = (message, ...args) => {",
]
`;
