// Jest Snapshot v1, https://goo.gl/fbAQLP

exports[`Build distribution should match a specific file output 1`] = `
Array [
  "",
  "./dist/css/5076*css",
  "./dist/css/pfVendor*css",
  "./dist/css/rhcsVendor*css",
  "./dist/fed-mods.json",
  "./dist/fonts/graph2x.png",
  "./dist/fonts/graph4x.png",
  "./dist/fonts/pfbg_2000.jpg",
  "./dist/fonts/pfbg_576.jpg",
  "./dist/fonts/pfbg_576@2x.jpg",
  "./dist/fonts/pfbg_768.jpg",
  "./dist/fonts/pfbg_768@2x.jpg",
  "./dist/fonts/pfbg_992@2x.jpg",
  "./dist/index.html",
  "./dist/js/1026*js",
  "./dist/js/1138*js",
  "./dist/js/1233*js",
  "./dist/js/1339*js",
  "./dist/js/1858*js",
  "./dist/js/2227*js",
  "./dist/js/2738*js",
  "./dist/js/2902*js",
  "./dist/js/3056*js",
  "./dist/js/31*js",
  "./dist/js/3281*js",
  "./dist/js/384*js",
  "./dist/js/4024*js",
  "./dist/js/4044*js",
  "./dist/js/4059*js",
  "./dist/js/4096*js",
  "./dist/js/4097*js",
  "./dist/js/433*js",
  "./dist/js/4418*js",
  "./dist/js/4467*js",
  "./dist/js/4822*js",
  "./dist/js/4944*js",
  "./dist/js/5020*js",
  "./dist/js/5076*js",
  "./dist/js/5876*js",
  "./dist/js/608*js",
  "./dist/js/6491*js",
  "./dist/js/6876*js",
  "./dist/js/7493*js",
  "./dist/js/7585*js",
  "./dist/js/8139*js",
  "./dist/js/8213*js",
  "./dist/js/8255*js",
  "./dist/js/8326*js",
  "./dist/js/8412*js",
  "./dist/js/8710*js",
  "./dist/js/8900*js",
  "./dist/js/9051*js",
  "./dist/js/9175*js",
  "./dist/js/930*js",
  "./dist/js/931*js",
  "./dist/js/9517*js",
  "./dist/js/9844*js",
  "./dist/js/App*js",
  "./dist/js/pfVendor*js",
  "./dist/js/pfVendor*js*txt",
  "./dist/js/reactVendor*js",
  "./dist/js/reactVendor*js*txt",
  "./dist/js/rhcsVendor*js",
  "./dist/js/vendor*js",
  "./dist/js/vendor*js*txt",
  "./dist/locales/en-US.json",
  "./dist/locales/en.json",
  "./dist/locales/locales.json",
  "./dist/sourcemaps/1026*js.map",
  "./dist/sourcemaps/1138*js.map",
  "./dist/sourcemaps/1233*js.map",
  "./dist/sourcemaps/1339*js.map",
  "./dist/sourcemaps/1858*js.map",
  "./dist/sourcemaps/2227*js.map",
  "./dist/sourcemaps/2738*js.map",
  "./dist/sourcemaps/2902*js.map",
  "./dist/sourcemaps/3056*js.map",
  "./dist/sourcemaps/31*js.map",
  "./dist/sourcemaps/3281*js.map",
  "./dist/sourcemaps/384*js.map",
  "./dist/sourcemaps/4024*js.map",
  "./dist/sourcemaps/4044*js.map",
  "./dist/sourcemaps/4059*js.map",
  "./dist/sourcemaps/4096*js.map",
  "./dist/sourcemaps/4097*js.map",
  "./dist/sourcemaps/433*js.map",
  "./dist/sourcemaps/4418*js.map",
  "./dist/sourcemaps/4467*js.map",
  "./dist/sourcemaps/4822*js.map",
  "./dist/sourcemaps/4944*js.map",
  "./dist/sourcemaps/5020*js.map",
  "./dist/sourcemaps/5076*js.map",
  "./dist/sourcemaps/5876*js.map",
  "./dist/sourcemaps/608*js.map",
  "./dist/sourcemaps/6491*js.map",
  "./dist/sourcemaps/6876*js.map",
  "./dist/sourcemaps/7493*js.map",
  "./dist/sourcemaps/7585*js.map",
  "./dist/sourcemaps/8139*js.map",
  "./dist/sourcemaps/8213*js.map",
  "./dist/sourcemaps/8255*js.map",
  "./dist/sourcemaps/8326*js.map",
  "./dist/sourcemaps/8412*js.map",
  "./dist/sourcemaps/8710*js.map",
  "./dist/sourcemaps/8900*js.map",
  "./dist/sourcemaps/9051*js.map",
  "./dist/sourcemaps/9175*js.map",
  "./dist/sourcemaps/930*js.map",
  "./dist/sourcemaps/931*js.map",
  "./dist/sourcemaps/9517*js.map",
  "./dist/sourcemaps/9844*js.map",
  "./dist/sourcemaps/App*js.map",
  "./dist/sourcemaps/pfVendor*js.map",
  "./dist/sourcemaps/reactVendor*js.map",
  "./dist/sourcemaps/rhcsVendor*js.map",
  "./dist/sourcemaps/vendor*js.map",
  "./dist/subscriptions*js",
]
`;
