// Jest Snapshot v1, https://goo.gl/fbAQLP

exports[`Build distribution should match a specific file output 1`] = `
Array [
  "",
  "./build/index.html",
  "./build/locales/en-US.json",
  "./build/locales/en.json",
  "./build/locales/locales.json",
  "./build/static/css/4*chunk*map",
  "./build/static/css/4*chunk.css",
  "./build/static/css/main*chunk*map",
  "./build/static/css/main*chunk.css",
  "./build/static/js/0*chunk*map",
  "./build/static/js/0*chunk.js",
  "./build/static/js/1*chunk*map",
  "./build/static/js/1*chunk.js",
  "./build/static/js/4*chunk*LICENSE.txt",
  "./build/static/js/4*chunk*map",
  "./build/static/js/4*chunk.js",
  "./build/static/js/5*chunk*map",
  "./build/static/js/5*chunk.js",
  "./build/static/js/6*chunk*map",
  "./build/static/js/6*chunk.js",
  "./build/static/js/7*chunk*map",
  "./build/static/js/7*chunk.js",
  "./build/static/js/8*chunk*map",
  "./build/static/js/8*chunk.js",
  "./build/static/js/main*chunk*map",
  "./build/static/js/main*chunk.js",
  "./build/static/js/runtime-main*js",
  "./build/static/js/runtime-main*js.map",
  "./build/static/media/graph2x*png",
  "./build/static/media/graph4x*png",
  "./build/static/media/pfbg_2000*jpg",
  "./build/static/media/pfbg_576*jpg",
  "./build/static/media/pfbg_576@2x*jpg",
  "./build/static/media/pfbg_768*jpg",
  "./build/static/media/pfbg_768@2x*jpg",
  "./build/static/media/pfbg_992@2x*jpg",
]
`;
