// Jest Snapshot v1, https://goo.gl/fbAQLP

exports[`Build distribution should match a specific file output 1`] = `
Array [
  "",
  "./dist/css/2621*css",
  "./dist/css/2739*css",
  "./dist/css/4577*css",
  "./dist/css/5560*css",
  "./dist/css/5979*css",
  "./dist/css/7437*css",
  "./dist/css/746*css",
  "./dist/css/8244*css",
  "./dist/css/9629*css",
  "./dist/css/9852*css",
  "./dist/fed-mods.json",
  "./dist/fonts/graph2x.png",
  "./dist/fonts/graph4x.png",
  "./dist/index.html",
  "./dist/js/1014*js",
  "./dist/js/1026*js",
  "./dist/js/1138*js",
  "./dist/js/122*js",
  "./dist/js/1233*js",
  "./dist/js/1302*js",
  "./dist/js/1339*js",
  "./dist/js/1355*js",
  "./dist/js/136*js",
  "./dist/js/1750*js",
  "./dist/js/1799*js",
  "./dist/js/1858*js",
  "./dist/js/2088*js",
  "./dist/js/2355*js",
  "./dist/js/2355*txt",
  "./dist/js/2436*js",
  "./dist/js/2621*js",
  "./dist/js/2635*js",
  "./dist/js/2738*js",
  "./dist/js/2739*js",
  "./dist/js/2832*js",
  "./dist/js/2902*js",
  "./dist/js/3056*js",
  "./dist/js/31*js",
  "./dist/js/3267*js",
  "./dist/js/361*js",
  "./dist/js/3695*js",
  "./dist/js/3695*txt",
  "./dist/js/384*js",
  "./dist/js/3935*js",
  "./dist/js/3935*txt",
  "./dist/js/4024*js",
  "./dist/js/4044*js",
  "./dist/js/4096*js",
  "./dist/js/4097*js",
  "./dist/js/4155*js",
  "./dist/js/4418*js",
  "./dist/js/4447*js",
  "./dist/js/4554*js",
  "./dist/js/4569*js",
  "./dist/js/4569*txt",
  "./dist/js/4577*js",
  "./dist/js/4743*js",
  "./dist/js/4812*js",
  "./dist/js/4822*js",
  "./dist/js/4886*js",
  "./dist/js/4886*txt",
  "./dist/js/5020*js",
  "./dist/js/5068*js",
  "./dist/js/5394*js",
  "./dist/js/5438*js",
  "./dist/js/5438*txt",
  "./dist/js/5876*js",
  "./dist/js/5979*js",
  "./dist/js/608*js",
  "./dist/js/6395*js",
  "./dist/js/6481*js",
  "./dist/js/6745*js",
  "./dist/js/6816*js",
  "./dist/js/6873*js",
  "./dist/js/6937*js",
  "./dist/js/698*js",
  "./dist/js/7235*js",
  "./dist/js/7294*js",
  "./dist/js/7294*txt",
  "./dist/js/7382*js",
  "./dist/js/7382*txt",
  "./dist/js/7437*js",
  "./dist/js/746*js",
  "./dist/js/7585*js",
  "./dist/js/7891*js",
  "./dist/js/7927*js",
  "./dist/js/8139*js",
  "./dist/js/8213*js",
  "./dist/js/8216*js",
  "./dist/js/8216*txt",
  "./dist/js/8232*js",
  "./dist/js/8244*js",
  "./dist/js/8255*js",
  "./dist/js/8326*js",
  "./dist/js/8341*js",
  "./dist/js/8503*js",
  "./dist/js/852*js",
  "./dist/js/8683*js",
  "./dist/js/8710*js",
  "./dist/js/8900*js",
  "./dist/js/9051*js",
  "./dist/js/9077*js",
  "./dist/js/9175*js",
  "./dist/js/9270*js",
  "./dist/js/9297*js",
  "./dist/js/930*js",
  "./dist/js/931*js",
  "./dist/js/939*js",
  "./dist/js/9517*js",
  "./dist/js/9629*js",
  "./dist/js/9669*js",
  "./dist/js/9844*js",
  "./dist/js/9852*js",
  "./dist/js/9877*js",
  "./dist/js/9928*js",
  "./dist/js/9942*js",
  "./dist/js/998*js",
  "./dist/js/9995*js",
  "./dist/js/App*js",
  "./dist/locales/en-US.json",
  "./dist/locales/en.json",
  "./dist/locales/locales.json",
  "./dist/sourcemaps/1014*map",
  "./dist/sourcemaps/1026*map",
  "./dist/sourcemaps/1138*map",
  "./dist/sourcemaps/122*map",
  "./dist/sourcemaps/1233*map",
  "./dist/sourcemaps/1302*map",
  "./dist/sourcemaps/1339*map",
  "./dist/sourcemaps/1355*map",
  "./dist/sourcemaps/136*map",
  "./dist/sourcemaps/1750*map",
  "./dist/sourcemaps/1799*map",
  "./dist/sourcemaps/1858*map",
  "./dist/sourcemaps/2088*map",
  "./dist/sourcemaps/2355*map",
  "./dist/sourcemaps/2436*map",
  "./dist/sourcemaps/2621*map",
  "./dist/sourcemaps/2738*map",
  "./dist/sourcemaps/2739*map",
  "./dist/sourcemaps/2832*map",
  "./dist/sourcemaps/2902*map",
  "./dist/sourcemaps/3056*map",
  "./dist/sourcemaps/31*map",
  "./dist/sourcemaps/3267*map",
  "./dist/sourcemaps/361*map",
  "./dist/sourcemaps/3695*map",
  "./dist/sourcemaps/384*map",
  "./dist/sourcemaps/3935*map",
  "./dist/sourcemaps/4024*map",
  "./dist/sourcemaps/4044*map",
  "./dist/sourcemaps/4096*map",
  "./dist/sourcemaps/4097*map",
  "./dist/sourcemaps/4155*map",
  "./dist/sourcemaps/4418*map",
  "./dist/sourcemaps/4447*map",
  "./dist/sourcemaps/4554*map",
  "./dist/sourcemaps/4569*map",
  "./dist/sourcemaps/4577*map",
  "./dist/sourcemaps/4743*map",
  "./dist/sourcemaps/4812*map",
  "./dist/sourcemaps/4822*map",
  "./dist/sourcemaps/4886*map",
  "./dist/sourcemaps/5020*map",
  "./dist/sourcemaps/5068*map",
  "./dist/sourcemaps/5394*map",
  "./dist/sourcemaps/5438*map",
  "./dist/sourcemaps/5876*map",
  "./dist/sourcemaps/5979*map",
  "./dist/sourcemaps/608*map",
  "./dist/sourcemaps/6395*map",
  "./dist/sourcemaps/6481*map",
  "./dist/sourcemaps/6745*map",
  "./dist/sourcemaps/6816*map",
  "./dist/sourcemaps/6873*map",
  "./dist/sourcemaps/698*map",
  "./dist/sourcemaps/7235*map",
  "./dist/sourcemaps/7294*map",
  "./dist/sourcemaps/7382*map",
  "./dist/sourcemaps/7437*map",
  "./dist/sourcemaps/7585*map",
  "./dist/sourcemaps/7891*map",
  "./dist/sourcemaps/7927*map",
  "./dist/sourcemaps/8139*map",
  "./dist/sourcemaps/8213*map",
  "./dist/sourcemaps/8216*map",
  "./dist/sourcemaps/8232*map",
  "./dist/sourcemaps/8244*map",
  "./dist/sourcemaps/8255*map",
  "./dist/sourcemaps/8326*map",
  "./dist/sourcemaps/8341*map",
  "./dist/sourcemaps/8503*map",
  "./dist/sourcemaps/8683*map",
  "./dist/sourcemaps/8710*map",
  "./dist/sourcemaps/8900*map",
  "./dist/sourcemaps/9051*map",
  "./dist/sourcemaps/9077*map",
  "./dist/sourcemaps/9175*map",
  "./dist/sourcemaps/9270*map",
  "./dist/sourcemaps/9297*map",
  "./dist/sourcemaps/930*map",
  "./dist/sourcemaps/931*map",
  "./dist/sourcemaps/939*map",
  "./dist/sourcemaps/9517*map",
  "./dist/sourcemaps/9629*map",
  "./dist/sourcemaps/9669*map",
  "./dist/sourcemaps/9844*map",
  "./dist/sourcemaps/9852*map",
  "./dist/sourcemaps/9877*map",
  "./dist/sourcemaps/9928*map",
  "./dist/sourcemaps/9942*map",
  "./dist/sourcemaps/998*map",
  "./dist/sourcemaps/App*map",
  "./dist/subscriptions*js",
]
`;
