// Jest Snapshot v1, https://goo.gl/fbAQLP

exports[`Index.HTML should have a specific html output: html output 1`] = `
"
<!doctype html>
<html lang=\\"en-US\\">
<head>
<meta charset=\\"utf-8\\"/>
<title>Subscriptions
</title>
<esi:include src=\\"*/apps/chrome/snippets/head.html\\"/>
</head>
<body>
<esi:include src=\\"*/apps/chrome/snippets/body.html\\"/>
</body>
</html>"
`;
