// Jest Snapshot v1, https://goo.gl/fbAQLP

exports[`ChartContext should apply a hook for toggling chart layers: toggle data 1`] = `
{
  "ipsum": false,
  "lorem": true,
}
`;

exports[`ChartContext should return specific properties: specific properties 1`] = `
{
  "ChartContext": {
    "$$typeof": Symbol(react.context),
    "Consumer": {
      "$$typeof": Symbol(react.context),
      "_calculateChangedBits": null,
      "_context": [Circular],
    },
    "Provider": {
      "$$typeof": Symbol(react.provider),
      "_context": [Circular],
    },
    "_calculateChangedBits": null,
    "_currentRenderer": null,
    "_currentRenderer2": null,
    "_currentValue": [
      {
        "chartContainerRef": [Function],
        "chartSettings": {},
        "chartTooltipRef": [Function],
        "dataSetsToggle": [],
      },
      [Function],
    ],
    "_currentValue2": [
      {
        "chartContainerRef": [Function],
        "chartSettings": {},
        "chartTooltipRef": [Function],
        "dataSetsToggle": [],
      },
      [Function],
    ],
    "_threadCount": 0,
  },
  "DEFAULT_CONTEXT": [
    {
      "chartContainerRef": [Function],
      "chartSettings": {},
      "chartTooltipRef": [Function],
      "dataSetsToggle": [],
    },
    [Function],
  ],
  "useChartContext": [Function],
  "useToggleData": [Function],
}
`;
